<!DOCTYPE html>
<!-- saved from url=(0969)https://cas.jp.as.criteo.com/delivery/r/afr.php?did=56a0a2102f68cd52d85eb60205b93140&z=VqCiEQAFUgoKaBONAAMHrWh6dwiVGOzV8Rbl-Q&u=%7CtaRNB6LabpTszSh02WDqTTm44%2FgIm0Hg%2BQwTRC2JyfQ%3D%7C&c1=4z_1vBnVXyU3s5S1ODdcxBEhMh_1PE6dCt88-QtmDLFKPFJYIx3fb6DEwqoI8gtO1dafG6fw3g8sy4Kqy-KOTkVBSgZuU8fdyO6agSYfeAqKIDXfBY2SzwHejhmKTMvMHEhbuky74jqfj2jlC8HXD3GNfJMcvZhIVstWAUG2B4hzJ3Sg9OBqpim-tkKMbaz3_v7ivPET4N8Hyp0zHyl1dKft_AYhkeuyU31u0IVdAlA&ct0=https://adclick.g.doubleclick.net/aclk%3Fsa%3DL%26ai%3DCYvPaEaKgVoqkFY2noAOtj4yQBNiVzb8E8K_Evn3AjbcBEAEgAGDliuWDqA6CARdjYS1wdWItNDcxNTM1MzkyNzA0NjkwOcgBCeACAKgDAaoEuQFP0NAVjmi6LwdgwrYkgjQHJ0RqQQBDku2p3uho9afC8MzdkCUdzr75UFKYwuy_hqPzGf59yy65XNeb5Bfov64CCkH0PZlF1mKWTvzR4l0_OzfaXEWNXjzBNLMEC07WPjqb0bWsaOLqTSNZs23FJegiZZPc_Mw8LnOemqSYSdeXy0a_jGX2kwuUnfySYQkeofTIVwMCoT45kFSozhyts7G2g8Rodef92mtmELM2D0_PftcI06a0LPRO_uAEAYAGsaGTlKq7r4qWAaAGIdgHAA%26num%3D1%26sig%3DAOD64_3KBkX4b_l3b7lmyX-wMCPf3HDOfA%26client%3Dca-pub-4715353927046909%26adurl%3D -->
<html><head><meta http-equiv="Content-Type" content="text/html; charset=UTF-8">
<title>Advertisement</title>
<meta charset="utf-8">
<meta name="format-detection" content="telephone=no">
<style type="text/css">
div#anchor_menu {width:70%; margin:30px auto 10px auto; padding:10px; background-color:#CBDDEB; border:1px solid #9ABFEB}
div#anchor_menu a {color:black; } div#arbitration_banners table { border-collapse:collapse; }
div#arbitration_banners td { border:1px solid #474747; padding:3px 5px 3px 5px; } div#arbitration_banners th { border:1px solid #474747; padding:5px; } </style>
</head>
<body leftmargin="0" topmargin="0" marginwidth="0" marginheight="0" style="background-color:transparent; width: 100%; text-align: center;">
<div id="main1d5751bc22" style="position:relative; padding:0; width:300px ; height:250px ; background-color:#ddd; cursor:pointer; overflow:hidden; display:inline-block;">  <style> #privacy_1d5751bc22_0, #privacy_1d5751bc22_0 a, #privacy_1d5751bc22_0 img { text-decoration:none; margin:0; padding:0; border:none; cursor: pointer; } #privacy_1d5751bc22_0 { position:absolute; z-index:100; top:0px;bottom:auto;vertical-align:top;  right:0px;left:auto;  }  #privacy_1d5751bc22_0 .privacy_out { width:19px; height:15px; z-index:150; } #privacy_1d5751bc22_0 .privacy_hover { width:77px; height:15px; z-index:100; }  </style> <div id="privacy_1d5751bc22_0">   <a href="https://info.criteo.com/privacy/informations?infonorm=3&amp;partner=24909&amp;campaignid=91423&amp;zoneid=114493&amp;bannerid=5061251&amp;displayid=1d5751bc22&amp;uaCap=0&amp;u=%7CtaRNB6LabpTszSh02WDqTTm44/gIm0Hg+QwTRC2JyfQ=%7C" class="privacy_out" style="display:block" target="_blank">  <img style="width:19px; height:15px;  position:relative" src="nai_small.png">  </a>  <a href="https://info.criteo.com/privacy/informations?infonorm=3&amp;partner=24909&amp;campaignid=91423&amp;zoneid=114493&amp;bannerid=5061251&amp;displayid=1d5751bc22&amp;uaCap=0&amp;u=%7CtaRNB6LabpTszSh02WDqTTm44/gIm0Hg+QwTRC2JyfQ=%7C" style="display:none;" class="privacy_hover" target="_blank"> <img style="width:77px;height:15px" src="nai_big.png"> </a>  </div>  <script type="text/javascript"> (function() { var applyPrivacy = function(container, clickable) { var onContainer = container.children[1]; var offContainer = container.children[0]; var timeout = 0; var setVisibility = function(isOn, ignoreTimeout) { return function() { if (timeout) { clearTimeout(timeout); } if (!isOn && !ignoreTimeout) { timeout = setTimeout(setVisibility(false, true), 100); } else { onContainer.style.display = isOn ? 'block' : 'none'; offContainer.style.display = !isOn ? 'block' : 'none';  } }; };  container.onmouseout = setVisibility(false); container.onmouseover = setVisibility(true);  };  applyPrivacy(document.getElementById('privacy_1d5751bc22_0'), true);  })(); </script><div id="cto_banner_content"><script>!function(){var t,e,n,r,i,o,a,u,s,l,c,d,f,g,v,m,p,h,y,b;t=function(){function t(){var t,n;if(window.requestAnimationFrame&&window.cancelAnimationFrame)t=window.requestAnimationFrame,n=window.cancelAnimationFrame;else for(var i=0;i<e.length&&!t;++i)t=window[e[i]+"RequestAnimationFrame"],n=window[e[i]+"CancelAnimationFrame"]||window[e[i]+"CancelRequestAnimationFrame"];return t&&n?function(e){var r=t(e);return{cancel:function(){n(r)}}}:function(t){var e,n=r()+16,i=function(){var o=r();o>=n?t():e=window.setTimeout(i)};return i(),{cancel:function(){window.clearTimeout(e)}}}}var e=["ms","moz","webkit","o"],n=t(),r=function(){return(new Date).getTime()},i=function(t,e,i){var o=r(),a=function(){u.cancel();var s=r();i&&i((s-o)/e),s-o>=e?t():u=n(a)},u=n(a);return{cancel:function(){u.cancel()}}},o=function(t,e){var n,r=e,i=function(){r>1e3?(r-=1e3,n=window.setTimeout(i,1e3)):n=window.setTimeout(t,r)};return i(),{cancel:function(){window.clearTimeout(n)}}},a=function(t,e,n){var r=n?i:o;return r(t,e)},u=function(t,e,n){var r=function(){i.cancel=a(r,e,n).cancel,t()},i=a(r,e,n);return i},s=function(t,e,n){var r=null;return{isRunning:function(){return null===r},start:function(){null===r&&(r=u(t,e,n))},stop:function(){null!==r&&(r.cancel(),r=null)}}};return{setInterval:u,setTimeout:a,setHighPrecisionTimeout:i,resumableInterval:s}}(),e=function(){function e(t,e){o.push({url:t,callback:e,loaded:!1,image:null})}function n(t){if(r=0,i=t,0===o.length)return void(i&&i());for(var e=0;e<o.length;++e){var n=o[e],s=new Image;n.image=s,s.onload=a(n,!0),s.onerror=a(n,!1),s.src=n.url,s.complete&&u(n,!0)}}var r,i,o=[],a=function(t,e){return function(){u(t,e)}},u=function(e,n){if(!e.loaded){var u="undefined"!=typeof e.image.naturalWidth&&0!==e.image.naturalWidth?e.image.naturalWidth:e.image.width,s=e.image.complete&&0!==u;if(n&&!s)return t.setTimeout(a(e,n),100);e.loaded=!0,n&&e.callback&&e.callback(e.image),i&&++r==o.length&&i()}};return{add:e,start:n}}(),n=function(){var t=function(t){var e=null,n=!1,r=[],i=null,o=function(i){n&&t?i(e):r.push(i)},a=function(o){if(t){if(n)return;n=!0,e=o}for(var a=0;a<r.length;++a)r[a](o);i&&i(o)},u=function(t){i=t};return{subscribe:o,after:u,trigger:a}};return{buildRecurrent:function(){return t(!1)},buildTriggeredOnce:function(){return t(!0)}}}(),r={autoAnimationKillTimeout:function(){return window.autoAnimationKillTimeout||-1},killAllInteractions:function(){return window.killAllInteractions}},i=function(){var t=function(t){var e=function(){return window.getComputedStyle&&null===window.getComputedStyle(document.createElement("div"),!1)},n=function(t){var e=function(e){(document.addEventListener||"load"===e.type||"complete"===document.readyState)&&t()};if("complete"===document.readyState)setTimeout(t);else if(document.addEventListener)document.addEventListener("DOMContentLoaded",e,!1),window.addEventListener("load",e,!1);else{document.attachEvent("onreadystatechange",e),window.attachEvent("onload",e);var n=!1;try{n=null===window.frameElement&&document.documentElement}catch(r){}if(n&&n.doScroll){var i=function(){try{n.doScroll("left")}catch(e){return setTimeout(i,50)}t()};i()}}},r=function(){e()?setTimeout(r,50):t()};n(r)};return{setup:t}}(),o=function(t,e){var n={autoAnimation:!1,all:!1},r=function(r){e.autoAnimationKillTimeout()>=0&&t.setTimeout(function(){n.autoAnimation=!0,n.all=e.killAllInteractions()===!0,r(n)},e.autoAnimationKillTimeout())};return{setup:r,killed:n}}(t,r),a=function(t,e,n,r){var i=r.buildTriggeredOnce(),o=r.buildTriggeredOnce(),a=r.buildTriggeredOnce(),u=r.buildRecurrent(),s=r.buildRecurrent(),l=r.buildRecurrent();i.after(function(){n.start(a.trigger),o.trigger(),u.trigger()}),a.after(u.trigger),l.after(function(t){t.all&&s.trigger()});var c=function(){t.setup(i.trigger),e.setup(l.trigger)};return window.startBootloader=c,{onSetup:i.subscribe,afterSetup:o.subscribe,onStart:a.subscribe,onRepaint:u.subscribe,onStop:s.subscribe,onKill:l.subscribe,triggerRepaint:u.trigger,container:document,killed:e.killed,testApi:{triggerStop:s.trigger,triggerKilled:l.trigger,setup:c,log:function(){window.log&&window.log.apply(this,arguments)}}}}(i,o,e,n),u=function(){function t(t,e){return new RegExp("(\\s|^)"+e+"(\\s|$)").test(t.getAttribute("class"))}function e(e,n){if(/^-?[_a-zA-Z]+[_a-zA-Z0-9-]*$/.test(n)&&!t(e,n)){var r=e.getAttribute("class");e.setAttribute("class",(r?r+" ":"")+n)}}function n(t,e){var n=t.getAttribute("class");n&&t.setAttribute("class",n.replace(new RegExp("(^|\\s)\\s*"+e+"(\\s+|$)","g"),"$1").trim())}function r(t,r,i){i?e(t,r):n(t,r)}function i(t){return"undefined"!=typeof t&&t instanceof Array?t:[]}function o(t,e){t.style.visibility=e?"visible":"hidden"}function a(t,e){t.style.display=e?"":"none"}function u(t,e){if(!e||!t)return!1;for(var n=e.parentNode;null!==n;){if(n===t)return!0;n=n.parentNode}return!1}function s(t,e){return t===e||u(t,e)}function l(t,e){return t.relatedTarget&&!s(e,t.relatedTarget)?!1:s(e,t.toElement)}function c(t){var e=parseInt(t,10);return isNaN(e)&&(e=0),e}function d(t){if(m(t.naturalWidth)&&m(t.naturalHeight))return{width:t.naturalWidth,height:t.naturalHeight};if("img"!==t.tagName){var e=g(t);return{width:c(e.width),height:c(e.height)}}var n=new Image;return n.src=t.src,{width:n.width,height:n.height}}function f(t){var e=0,n=0,r=t.style||g(t),i=d(t,!0),o=c(i.width),a=c(i.height);return e=c(r.borderLeftWidth)+c(r.borderRightWidth)+c(r.marginLeft)+c(r.marginRight)+c(r.paddingLeft)+c(r.paddingRight),n=c(r.borderTopWidth)+c(r.borderBottomWidth)+c(r.marginTop)+c(r.marginBottom)+c(r.paddingTop)+c(r.paddingBottom),{w:o+e,h:a+n,offsetX:e,offsetY:n}}function g(t){return window.getComputedStyle?window.getComputedStyle(t,!1):t.currentStyle}function v(){var t,e=document.createElement("fakeelement"),n={transition:"transitionend",OTransition:"oTransitionEnd",MozTransition:"transitionend",WebkitTransition:"webkitTransitionEnd"};for(t in n)if(void 0!==e.style[t])return n[t];return null}function m(t){return null!==t&&void 0!==t&&"undefined"!==t}function p(t){return""===t}function h(e){for(var n=document.getElementById("bnr"),r=n&&t(n,"frozen")?"frozen":"";e;){if(t(e,"On"))return r+"On";e=e.parentElement}return r+"Off"}function y(t){var e=g(t),n=c(e.maxWidth)||c(e.width),r=c(e.maxHeight)||c(e.height);return{width:n,height:r}}function b(t){for(var e=0,n=t.attributes,r=n.length;r>e;e++){var i=m(n[e])?n[e].nodeName:null;null!==i&&"class"!=n[e].nodeName&&"id"!=i&&"data"!=i.substring(0,4)&&t.removeAttribute(i)}}return{isEmptyString:p,hasClass:t,addClass:e,removeClass:n,toggleClass:r,nonNullArray:i,setVisibility:o,setDisplay:a,isIn:u,isInOrEqual:s,eventIsIn:l,getPixel:c,getFullSize:f,getStyle:g,getState:h,getOldSize:d,whichTransitionEvent:v,exists:m,getMaxInnerSize:y,restoreNodeAttributes:b}}(),s=function(){function t(){return"ontouchstart"in document.documentElement}var e=function(){function t(){return o}function e(){return a}var n=document.createElement("div"),r=void 0!==n.style.perspective,i=function(){var t=window.getComputedStyle(document.documentElement,"");if(null===t)return{dom:"",lowercase:"",css:"",js:""};var e=Array.prototype.slice.call(t),n=(e.join("").match("-(moz|webkit|ms)-")||""===t.OLink&&["","o"])[1],i="WebKit|Moz|MS|O".match(new RegExp("("+n+")","i"));if(null===i)return{dom:"",lowercase:"",css:"",js:""};var o=i[1];return{dom:o,lowercase:n,css:"-"+n+"-",js:r?"":n[0].toUpperCase()+n.substr(1)}}(),o=r||void 0!==n.style[i.js+"Perspective"],a=void 0!==n.style[i.js+"Transform"];return{isCssTransform3DAvailable:t,isCssTransformAvailable:e}}();return{isCssTransform3DAvailable:e.isCssTransform3DAvailable,isCssTransformAvailable:e.isCssTransformAvailable,hasTouch:t}}(),l=function(t,e,n,r){function i(e,n,i){i.isOver&&!r.killed.all&&(t.eventIsIn(e,n)&&t.isInOrEqual(document.body,e.relatedTarget||e.toElement)||(i.isOver=!1,i.cb(!1)))}function o(t,e,n){n.isOver||r.killed.all||(n.isOver=!0,n.cb(!0))}function a(t,e,n,r){r?o(t||window.event,e,n):i(t||window.event,e,n)}function u(t,e){t.removeEventListener("mouseover",e.rollOverListener,!1),t.removeEventListener("mouseout",e.rollOutListener,!1)}function s(t,e){function i(e){a(e,t,u,!0)}function o(e){a(e,t,u,!1)}var u={};if(u.cb=e,u.isOver=!1,u.rollOverListener=i,u.rollOutListener=o,t.addEventListener("mouseover",i,!1),t.addEventListener("mouseout",o,!1),r.onKill(function(t){t.all&&(u.isOver=!1,u.cb(!1))}),n.hasTouch()){var s=function(e){t.removeEventListener("touchstart",s,!1),t.addEventListener("touchstart",i,!1),t.addEventListener("touchend",o,!1),t.removeEventListener("mouseover",i,!1),t.removeEventListener("mouseout",o,!1),i(e)};t.addEventListener("touchstart",s,!1)}return u}function l(t,e){t.addEventListener("click",function(t){t.preventDefault(),r.killed.all||e()})}return{addPointerOverOutListener:s,removePointerOverOutListener:u,addOnPointerDownListener:l,testApi:{bindEvent:a}}}(u,n,s,a),c=function(t,e,n,r){function i(){var t,n=u.length;for(t=0;n>t;t+=1)u[t].isOver=!1,u[t].listener.isOver=!1,u[t].lastActive=!1,e.removeClass(u[t].el,"On")}function o(n,o){var a={el:o,id:n,isOver:!1,lastActive:!1,isAlone:!1};return a.setState=function(n){i(),e.toggleClass(o,"On",n),a.isOver=a.listener.isOver=n,a.lastActive=!0,t.triggerRepaint()},a.setUserEventState=function(t){a.setState(t),t?s.trigger():l.trigger()},a.listener=r.addPointerOverOutListener(o,a.setUserEventState),a}function a(e){var n,r=e.length;for(n=0;r>n;++n)u.push(o(n,e[n]));1===u.length&&(u[0].isAlone=!0),t.killed.all||i()}var u=[],s=n.buildRecurrent(),l=n.buildRecurrent(),c=n.buildTriggeredOnce();return t.onSetup(function(){var t=document.getElementsByClassName("pv");a(t),c.trigger(u)}),t.onStop(i),{setup:a,getProducts:function(){return u},resetProducts:i,onInteractionStart:s.subscribe,onInteractionStop:l.subscribe,triggerInteractionStart:s.trigger,triggerInteractionStop:l.trigger,onProductsAvailable:c.subscribe,testApi:{createProduct:o,bindEvent:function(t,e,n){u[e].setUserEventState(n)}}}}(a,u,n,l),d=function(t,e,n,r){var i=r.buildRecurrent(),o=function(e,r){if(t.killed.autoAnimation)return null;var o=-1,a=function(){for(var t=0;t<e.length;++t)e[t].lastActive&&(o=t);e[o]&&e[o].isAlone&&e[o].isOver?e[o].setState(!1):(o=(o+1)%e.length,e[o].setState(!0)),i.trigger(o)};return e.length>0?n.resumableInterval(a,r,!0):null};return t.onSetup(function(){var n=o(e.getProducts(),1560);n&&(n.start(),e.onInteractionStop(function(){t.killed.autoAnimation||n.start()}),e.onInteractionStart(n.stop),t.onKill(n.stop))}),{onTick:i.subscribe,testApi:{setup:o}}}(a,c,t,n),f=function(t,e,n){function r(){var t,e=i.length;for(t=0;e>t;++t)i[t].pause()}var i=[],o=function(t,r){var i,o=e.nonNullArray(t),a=0,u=r||1e3,s=function(){var t,n=o.length,r=!1;for(t=0;n>t;t+=1){var i=e.hasClass(o[t],"first");r|=i,e.setDisplay(o[t],i),i&&(a=t)}!r&&o.length>0&&(a=0,e.setDisplay(o[a],!0))},l=function(){var t,n=o.length,r=!1;for(t=0;n>t;t+=1){var u=e.hasClass(o[t],"last");r|=u,e.setDisplay(o[t],u),u&&(a=t)}!r&&o.length>0&&e.setDisplay(o[a],!0),i&&(i.cancel(),i=!1)},c=function(){i||(i=n.setInterval(d,u))},d=function(){e.setDisplay(o[a],!1),a=++a%o.length,e.setDisplay(o[a],!0)};return s(),{play:c,reset:s,pause:l,tick:d}},a=function(t){i.push(t)},u=function(){var n=t.container.getElementsByClassName("blinker");[].forEach.call(n,function(t){e.addClass(t,"blinker-init");var n=[];[].forEach.call(t.children,function(t){n.push(t)});var r=o(n);r.play(),a(r)})};return t.onStart(u),t.onStop(r),{testApi:{setupBlinker:o,appendBlinker:a,stop:r}}}(a,u,t),g=function(t){return t.onSetup(function(){var e=t.container.getElementById("bnr"),n=t.container.getElementsByClassName("logo");if(n&&n[0]){var r=n[0];e.addEventListener("click",function(t){if(!t.defaultPrevented){for(var e=t.srcElement||t.target;e&&"a"!==e.nodeName.toLowerCase();)e=e.parentElement;if(!e){var n=document.createEvent("MouseEvents");n.initEvent("click",!1,!0),r.dispatchEvent(n)}}})}}),{}}(a),b=function(t,e,n,r){function i(){var t,e=o.length;for(t=0;e>t;++t)o[t].pause()}var o=[],a=function(t,r,i,o,a){function u(t){e.setDisplay(t,!1),(S||-1==k||t==y[y.length-1]&&b>0||1==y.length&&"none"==y[0].style.display||!y[0])&&e.setDisplay(C,!1)}function s(){var t;return t=S?L?b:A[k]:-1==k?b:A[k]}function l(t){var e=t||window.event,n=e.target?e.target:e.srcElement;n&&"0"==n.style.opacity&&u(n)}function c(t){e.setDisplay(t,!1),t.style.opacity=0,e.addClass(t,"animatedOpacityCoupon");var n=e.whichTransitionEvent();n&&t.addEventListener(n,function(t){l(t)}),T=null!==n}function d(t){e.setDisplay(C,!0),e.setDisplay(t,!0),n.setTimeout(function(){t.style.opacity=1},20)}function f(t){t.style.opacity=0,T||u(t)}function g(t){C.style.width=t.style.width=t.getAttribute("data-width")+"px",C.style.height=t.style.height=t.getAttribute("data-height")+"px"}function v(){if(y[k]&&f(y[k]),S&&(L=!L))return h=n.setTimeout(v,s()),"Swapping";if(E>0&&k==y.length-1&&(x++,x==E))return p(!0),"Loop count reached";k=k<y.length-1?k+1:S?0:-1;var t=y[k];return t&&(g(t),d(t)),h=n.setTimeout(v,s()),"Next Step"}function m(){h||(h=n.setTimeout(v,s()))}function p(t){h&&h.cancel();var n,r=y.length,i=!1;for(n=0;r>n;n+=1)t||(e.removeClass(y[n],"animatedOpacityCoupon"),e.hasClass(y[n],"last")||e.setDisplay(y[n],!1)),e.hasClass(y[n],"last")&&(i=!0,d(y[n]));i||e.setDisplay(C,!1)}var h,y=e.nonNullArray(t),b=isNaN(i)?3e3:i,w=3e3,A=[],S=o,E=a||0,C=r,T=null;e.setDisplay(C,!1);for(var O=0;O<y.length;O++){var I=y[O];A[O]=I.hasAttribute("data-duration")&&!isNaN(I.getAttribute("data-duration"))?parseInt(I.getAttribute("data-duration")):w,c(I)}var x=0,k=-1,L=!0;return{play:m,pause:p,fadeIn:d,fadeOut:f,getCurrentDuration:s,testApi:{switchItems:v,setSize:g,transitionEndHandler:l,enableOpacityAnimations:c,items:function(){return y},logoDuration:function(){return b},defaultSlideDuration:function(){return w},slideDurations:function(){return A},swap:function(){return S},loopCount:function(){return E},cpnContainer:function(){return C},transitionsSupported:function(){return T},timeout:function(){return h},currentLoop:function(){return x},current:function(){return k},isPaused:function(){return L},setSwap:function(t){S=t},setIsPaused:function(t){L=t},setCurrent:function(t){k=t},setFakeTimeout:function(t){h=t},setCurrentLoop:function(t){x=t}}}},u=function(){var t,n,i,o=document.getElementById("coupon");if(e.exists(o))if(o.childNodes.length>0){t=o.hasAttribute("data-swap")&&"true"==o.getAttribute("data-swap"),n=o.hasAttribute("data-logoDuration")?parseInt(o.getAttribute("data-logoDuration")):null,i=o.hasAttribute("data-loopCount")&&!isNaN(o.getAttribute("data-loopCount"))?parseInt(o.getAttribute("data-loopCount")):0;for(var u=[],c=0;c<o.childNodes.length;++c){var d=o.childNodes[c],f=d.getAttribute("data-imgsrc");e.isEmptyString(f)||r.add(f,l(d,f)),u.push(d)}var g=a(u,o,n,t,i);s(g)}else e.setDisplay(o,!1)},s=function(t){o.push(t)},l=function(t,e){return function(n){t.style.backgroundImage='url("'+e+'")';var r="undefined"!=typeof n.naturalWidth?n.naturalWidth:n.width,i="undefined"!=typeof n.naturalHeight?n.naturalHeight:n.height;t.setAttribute("data-width",r),t.setAttribute("data-height",i)}},c=function(){var t,e=o.length;for(t=0;e>t;++t)o[t].play()};return t.onSetup(u),t.onStart(c),t.onStop(i),{testApi:{setupCoupon:a,appendCoupon:s,stop:i}}}(a,u,t,e),v=function(t,e){function n(t){var n={},r=t.textContent||t.innerText,o=t.parentNode||document.body;t.style.wordWrap="break-word",t.style.maxWidth=(e.getPixel(e.getStyle(t).maxWidth)||e.getMaxInnerSize(o).width)+"px";var a=function(){var o=e.getState(t),a=n[o];a||(a=i(t,r),n[o]=a),t.textContent=t.innerText=a};return a(),{refresh:a,testApi:{memoized:n}}}function r(t,n){var r=t.cloneNode(!1);e.removeClass(r,"text"),r.style.width="0px",r.style.height="auto",r.style.maxHeight="",t.appendChild(r),r.innerHTML="a";var i=parseInt(r.offsetHeight);r.innerHTML="a a";var o=parseInt(r.offsetHeight);t.removeChild(r);var a=o-i,u=i-a;return Math.floor((n-u)/a)}function i(t,n){var i=t.parentNode||document.body,o=t.cloneNode(!1),a=0,u=e.getMaxInnerSize(t).height;o.style.height="auto",o.style.lineHeight="100%",o.textContent=o.innerText=t.textContent=t.innerText="",o.style.overflow="visible",o.style.visibility="hidden",o.style.wordWrap="break-word",i.appendChild(o);for(var s=r(t,u),l=0,c=0;a<n.length&&s>=l;)++a,o.textContent=o.innerText=n.substr(0,a)+(a>=3?"...":""),o.offsetHeight!=c&&(c=o.offsetHeight,l++);return i.removeChild(o),a!=n.length?4>=a?n.substr(0,a-1):n.substr(0,a-1)+"...":n}function o(){for(var e=t.container.getElementsByTagName("div"),r=0;r<e.length;++r){var i=e[r];"multiline"==i.getAttribute("data-ellipsis")&&u.push(n(i))}}function a(){u.forEach(function(t){t.refresh()})}var u=[];return t.onSetup(o),t.onRepaint(a),{getMaxLineCount:r,testApi:{setup:n,textsHandled:u}}}(a,u),m=function(t,e){t.onKill(function(n){if(n.all){var r=document.getElementById("bnr");r&&e.addClass(r,"frozen");for(var i=t.container.getElementsByClassName("killedOn"),o=0;o<i.length;++o)e.addClass(i[o],"On");t.triggerRepaint()}})}(a,u),p=function(t,e,n){function r(t,n){var r=e.getOldSize(t.parentNode),i=e.getStyle(t).backgroundSize,o=e.getFullSize(n);(r.width>o.w||r.height>o.h)&&("cover"==i||"contain"==i&&r.width>o.w&&r.height>o.h)&&(t.style.backgroundSize="auto")}function i(){for(var t=document.getElementsByClassName("imageholder"),e=0;e<t.length;++e){var r=t[e],i=r.getAttribute("data-imgsrc"),u=r.getAttribute("data-imgsrchover"),s={element:r};i&&(n.add(i,a(r,i)),s.src=i),u&&(n.add(u),s.srcHover=u),o.push(s)}}var o=[],a=function(t,e){return function(n){t.style.backgroundImage='url("'+e+'")',r(t,n)}},u=function(){for(var t=0;t<o.length;++t){var n=o[t];if(n.srcHover){var r=e.getState(n.element);n.element.style.backgroundImage='url("'+("On"==r?n.srcHover:n.src)+'")'}}};return t.onSetup(i),t.onRepaint(u),{testApi:{registerImages:i,preventUpscaling:r,handleState:u}}}(a,u,e),h=function(t){function e(){document.getElementById("bnr").ondragstart=function(){return!1}}t.onSetup(e)}(a),y=function(t,e){function n(t){var n={},r=e.getStyle(t),i=e.getPixel(r.fontSize),a=t.parentNode||document.body;t.style.maxWidth=(e.getPixel(r.maxWidth)||e.getMaxInnerSize(a).width)+"px";var u=function(){var r=e.getState(t),a=n[r];a||(a=o(t,i),n[r]=a),t.style.fontSize=a+"px"};return u(),{refresh:u,testApi:{memoized:n}}}function r(t,n){if(t&&t!==document.body){var i=e.getStyle(t);"none"==i.display&&(n.push({el:t,display:t.style.display}),t.style.display="inline-block"),r(t.parentNode,n)}}function i(t){for(var e=0;e<t.length;e++){var n=t[e];n.el.style.display=n.display}}function o(t,e){var n=[];for(r(t.parentNode,n);e>l&&(t.style.fontSize=e+"px",t.style.lineHeight=t.offsetHeight+"px",t.scrollHeight>t.offsetHeight||t.scrollWidth>t.offsetWidth);)e--;return i(n),e}function a(){for(var e=t.container.getElementsByTagName("div"),r=0;r<e.length;++r){var i=e[r];"fit"==i.getAttribute("data-ellipsis")&&s.push(n(i))}}function u(){s.forEach(function(t){t.refresh()})}var s=[],l=9;return t.onSetup(a),t.onRepaint(u),{testApi:{setup:n,textsHandled:s,getMinFontSize:function(){return l}}}}(a,u)}(); </script><!--f29d3fdd52fb44108cb2ac469cfe67a33051bb92--><style> * { cursor:pointer;font-family:Helvetica,Arial,Tahoma;  } #bnr { /* Some elements cannot have a height lower than the line height Set the font size to 0 by default to allow small elements Setting line height to 0 shifted the interaction box of arrows on slideshow by approximately 10 pixels away from the logo zone (on chrome and safari only) */ font-size: 0;/* CAS has a default text align set to the center, reset it here */ text-align: left;/* Disable the selection of text and accidental highlighting of elements when interacting with the banner (arrow click, dragging) */ -webkit-touch-callout: none;-webkit-user-select: none;-khtml-user-select: none;-moz-user-select: none;-ms-user-select: none;user-select: none;}div { display: inline-block;vertical-align: top;}#bnr a { display: inline-block;vertical-align: top;}.zContainer { position: relative}.animate { -webkit-transition: -webkit-transform 0.5s ease-in-out;-moz-transition: -moz-transform 0.5s ease-in-out;-o-transition: -o-transform 0.5s ease-in-out;-ms-transition: -ms-transform 0.5s ease-in-out;transition: transform 0.5s ease-in-out;}/* most likely not required anymore, to be checked */.coupon { position: absolute;z-index :99;}.couponSlide { position: absolute;left: 0;top: 0;width: 100%;height: 100%;}.animatedOpacityCoupon { -webkit-transition: opacity 0.5s ease-in;-moz-transition: opacity 0.5s ease-in;-o-transition: opacity 0.5s ease-in;-ms-transition: opacity 0.5s ease-in;transition: opacity 0.5s ease-in;}.imageholder { width: 100%;height: 100%;background-color: transparent;background-repeat: no-repeat;}/* Centers text vertically in text zones */.text { text-align:center;}.text > div { vertical-align: middle;word-wrap: break-word;}.text:before { content: " ";display: inline-block;height: 100%;vertical-align: middle;}.text.ellipsis { white-space: nowrap;text-overflow: ellipsis;} .a{background:rgb(255,255,255);width:300px;height:250px;position:relative;background-origin:border-box;overflow:hidden;border:1px solid rgb(255,153,0);width:298px;height:248px;} .a > .pvs{background-color:rgb(245,245,245)} .a > .coupon{top:-1px;left:-1px;} .b{width:300px;height:250px} .c{background:rgb(255,255,255);width:298px;height:39px;} .d{width:100%;height:100%;overflow:hidden} .d > .imageholder{background-position:center center;background-size:contain;background-position:center center} .e{width:298px;height:209px;white-space:nowrap} .f{margin:2px;border:1px solid rgb(255,255,255);width:143px;height:203px;} .f.On, .On .f{margin:1px;border:2px solid rgb(255,109,2)} .g{width:100%;height:100%;text-align:center;white-space:nowrap} .g::before{content:" ";display:inline-block;height:100%;width:0px;vertical-align:middle} .g > *{white-space:normal;line-height:normal;display:inline-block;vertical-align:middle} .i{padding:2px;z-index:2;position:absolute;width:139px;height:21px;bottom:0px;left:0px;position:absolute;text-align:center;white-space:nowrap} .i::before{content:" ";display:inline-block;height:100%;width:0px;vertical-align:middle} .i > *{white-space:normal;line-height:normal;display:inline-block;vertical-align:middle} .k{width:89px;height:21px} .l{width:89px;height:21px} .m{width:89px;height:21px;overflow:hidden} .m > .imageholder{background-position:center center;background-size:contain} .n{border:1px solid rgb(188,188,188);-webkit-border-radius:5px;-moz-border-radius:5px;-o-border-radius:5px;border-radius:5px;;background:rgb(241,241,241);background: -webkit-linear-gradient(-90deg,rgb(250,250,250),rgb(233,233,233));background: -moz-linear-gradient(-90deg,rgb(250,250,250),rgb(233,233,233));background: -ms-linear-gradient(-90deg,rgb(250,250,250),rgb(233,233,233));background: -o-linear-gradient(-90deg,rgb(250,250,250),rgb(233,233,233));background: linear-gradient(180deg,rgb(250,250,250),rgb(233,233,233));;width:87px;height:19px;text-align:center;color:rgb(32,150,233);overflow:hidden;font-weight:bold;font-size:11px;line-height:19px;border-radius:10px} .n.On, .On .n{border:1px solid rgb(231,122,0);background:rgb(253,153,9);background: -webkit-linear-gradient(-90deg,rgb(254,167,0),rgb(253,139,19));background: -moz-linear-gradient(-90deg,rgb(254,167,0),rgb(253,139,19));background: -ms-linear-gradient(-90deg,rgb(254,167,0),rgb(253,139,19));background: -o-linear-gradient(-90deg,rgb(254,167,0),rgb(253,139,19));background: linear-gradient(180deg,rgb(254,167,0),rgb(253,139,19));;color:rgb(255,255,255);} .o{padding:0px 0px -25px 0px;width:143px;height:203px;text-align:center;white-space:nowrap} .o::before{content:" ";display:inline-block;height:100%;width:0px;vertical-align:middle} .o > *{white-space:normal;line-height:normal;display:inline-block;vertical-align:middle} .q{border:1px solid rgb(255,255,255);background:rgb(255,255,255);width:141px;height:201px;overflow:hidden;} .q.On, .On .q{border:1px solid rgb(255,255,255);background:rgb(255,255,255)} .q > .imageholder{background-position:center top;background-size:contain;background-size:cover;} .r{padding:2px 5px 2px 5px;background:rgb(255,153,0);z-index:2;position:absolute;max-width:133px;max-height:15px;top:0px;left:0px;position:absolute;text-align:inherit;color:rgb(255,255,255);overflow:hidden;font-weight:bold;font-size:13px;line-height:16px;} .r.On, .On .r{background:rgb(255,153,0);opacity:0;} .s.On, .On .s{opacity:0} .s{z-index:1;position:absolute;width:71px;height:20px;top:0px;right:0px;position:absolute;overflow:hidden} .s > .imageholder{background-position:right top;background-size:contain} .t{padding:2px 2px 27px 2px;background:rgba(255,255,255,0.9);opacity:0;z-index:1;position:absolute;width:139px;height:60px;bottom:0px;left:0px;position:absolute;text-align:center;white-space:nowrap;} .t.On, .On .t{opacity:1;} .t::before{content:" ";display:inline-block;height:100%;width:0px;vertical-align:middle} .t > *{white-space:normal;line-height:normal;display:inline-block;vertical-align:middle} .v{margin:1px 2px 2px 2px;padding:0px 4px 0px 4px;width:127px;height:24px;text-align:inherit;overflow:hidden} .v > div{color:rgb(51,51,51);font-weight:bold;;font-size:11px;line-height:12px;max-height:24px;} .v.On > div, .On .v > div{color:rgb(51,51,51);font-weight:bold;;} .w{margin:0px 0px 1px 0px;width:139px;height:32px} .x{width:139px;height:32px} .y{width:139px;height:32px;text-align:center;white-space:nowrap} .y::before{content:" ";display:inline-block;height:100%;width:0px;vertical-align:middle} .y > *{white-space:normal;line-height:normal;display:inline-block;vertical-align:middle} .a1{width:139px;height:16px} .b1{max-width:139px;height:16px;text-align:inherit;overflow:hidden} .b1 > div{color:rgb(102,102,102);font-weight:bold;;font-size:11px;line-height:12px;max-height:16px;} .b1.On > div, .On .b1 > div{color:rgb(102,102,102);font-weight:bold;;} .c1{max-width:139px;height:16px;text-align:inherit;overflow:hidden} .c1 > div{color:rgb(102,102,102);font-weight:bold;;font-size:11px;line-height:12px;max-height:16px;} .c1.On > div, .On .c1 > div{color:rgb(102,102,102);font-weight:bold;;} .d1{width:139px;height:16px;text-align:inherit;overflow:hidden} .d1 > div{color:rgb(243,111,33);font-weight:bold;;font-size:13px;line-height:16px;max-height:16px;} .d1.On > div, .On .d1 > div{color:rgb(243,111,33);font-weight:bold;;} .e1{height:32px} .e1 > div{max-height:32px;} .e1.On > div, .On .e1 > div{} </style> <script> window.autoAnimationKillTimeout = 29000; window.killAllInteractions = true; window.startBootloader(); </script> <div style="width:300px;height:250px" id="bnr" class="frozen"><div class="imageholder a" data-imgsrc=""><a id="coupon" class="coupon b" data-imgsrc="" data-logoduration="" data-loopcount="" href="https://cat.jp.as.criteo.com/delivery/ck.php?cppv=1&amp;cpp=htQjPXxsOUJQT2RPUnI3ZEhUbDVTdkc0VzJRT1ZBQmIweDJpUDdHNW1ZWThQQWtJMWlaSDZWZHJ4cXUwSUpxSXJ3aWFjdmZHZTkyK2NhSnk5alhobkJWQmZWZEVYZDRIS2Z4T1NweEJENFVXTUl6aGozRDRLUXJMSVJaOXpHN0dza2tJYUxQRXlvS0FUZGdEbVVaSDhJMDJwVVBROWI2YzJ1bEkwemxxQmM5WkxNaXBwNTduK0RBZkJuU0xMblNXakNDUHJFeG1BVUJTczVLOGxXUFQ5SFd1OWhFMytVOFJKenZjS2krZW5CZGFxWXlDcDY3dUZiUlhxbDR4bi9GK1ZibGtNZGFITWRNaThIaTc5T1VNZ21OeFRERTlHYkhCbkhFUGNOSFNVSVNhQlhXN09ZMnhqRUZNeEQyeEF5YnpKVXVMMng1QTI5bm96UVBkemhucDVwWUxydG9mTlpJdGQybU5yVDNnZ0owTjFwMUk9fA%3D%3D&amp;maxdest=http%3A%2F%2Foffer.alibaba.com%2F%3Fct%3D2%26bm%3Dcpa%26an%3D201501%26impressionid%3D56a0a215df13c4324bb5627934e57323%26clickid%3D56a0a215df13c4324bb5627934e573231453367829logo%26aff_id%3D721492293%26src%3Dcpcp%26pid%3D24909%26campaignid%3D91423%26regtype%3Dsite" target="_blank" onclick="frames[&#39;if1d5751bc22&#39;].location.href=&#39;https://adclick.g.doubleclick.net/aclk?sa=L&amp;ai=CYvPaEaKgVoqkFY2noAOtj4yQBNiVzb8E8K_Evn3AjbcBEAEgAGDliuWDqA6CARdjYS1wdWItNDcxNTM1MzkyNzA0NjkwOcgBCeACAKgDAaoEuQFP0NAVjmi6LwdgwrYkgjQHJ0RqQQBDku2p3uho9afC8MzdkCUdzr75UFKYwuy_hqPzGf59yy65XNeb5Bfov64CCkH0PZlF1mKWTvzR4l0_OzfaXEWNXjzBNLMEC07WPjqb0bWsaOLqTSNZs23FJegiZZPc_Mw8LnOemqSYSdeXy0a_jGX2kwuUnfySYQkeofTIVwMCoT45kFSozhyts7G2g8Rodef92mtmELM2D0_PftcI06a0LPRO_uAEAYAGsaGTlKq7r4qWAaAGIdgHAA&amp;num=1&amp;sig=AOD64_3KBkX4b_l3b7lmyX-wMCPf3HDOfA&amp;client=ca-pub-4715353927046909&amp;adurl=https://static.criteo.net/empty.html&#39;" style="display: none;"></a><a href="https://cat.jp.as.criteo.com/delivery/ck.php?cppv=1&amp;cpp=htQjPXxsOUJQT2RPUnI3ZEhUbDVTdkc0VzJRT1ZBQmIweDJpUDdHNW1ZWThQQWtJMWlaSDZWZHJ4cXUwSUpxSXJ3aWFjdmZHZTkyK2NhSnk5alhobkJWQmZWZEVYZDRIS2Z4T1NweEJENFVXTUl6aGozRDRLUXJMSVJaOXpHN0dza2tJYUxQRXlvS0FUZGdEbVVaSDhJMDJwVVBROWI2YzJ1bEkwemxxQmM5WkxNaXBwNTduK0RBZkJuU0xMblNXakNDUHJFeG1BVUJTczVLOGxXUFQ5SFd1OWhFMytVOFJKenZjS2krZW5CZGFxWXlDcDY3dUZiUlhxbDR4bi9GK1ZibGtNZGFITWRNaThIaTc5T1VNZ21OeFRERTlHYkhCbkhFUGNOSFNVSVNhQlhXN09ZMnhqRUZNeEQyeEF5YnpKVXVMMng1QTI5bm96UVBkemhucDVwWUxydG9mTlpJdGQybU5yVDNnZ0owTjFwMUk9fA%3D%3D&amp;maxdest=http%3A%2F%2Foffer.alibaba.com%2F%3Fct%3D2%26bm%3Dcpa%26an%3D201501%26impressionid%3D56a0a215df13c4324bb5627934e57323%26clickid%3D56a0a215df13c4324bb5627934e573231453367829logo%26aff_id%3D721492293%26src%3Dcpcp%26pid%3D24909%26campaignid%3D91423%26regtype%3Dsite" target="_blank" onclick="frames[&#39;if1d5751bc22&#39;].location.href=&#39;https://adclick.g.doubleclick.net/aclk?sa=L&amp;ai=CYvPaEaKgVoqkFY2noAOtj4yQBNiVzb8E8K_Evn3AjbcBEAEgAGDliuWDqA6CARdjYS1wdWItNDcxNTM1MzkyNzA0NjkwOcgBCeACAKgDAaoEuQFP0NAVjmi6LwdgwrYkgjQHJ0RqQQBDku2p3uho9afC8MzdkCUdzr75UFKYwuy_hqPzGf59yy65XNeb5Bfov64CCkH0PZlF1mKWTvzR4l0_OzfaXEWNXjzBNLMEC07WPjqb0bWsaOLqTSNZs23FJegiZZPc_Mw8LnOemqSYSdeXy0a_jGX2kwuUnfySYQkeofTIVwMCoT45kFSozhyts7G2g8Rodef92mtmELM2D0_PftcI06a0LPRO_uAEAYAGsaGTlKq7r4qWAaAGIdgHAA&amp;num=1&amp;sig=AOD64_3KBkX4b_l3b7lmyX-wMCPf3HDOfA&amp;client=ca-pub-4715353927046909&amp;adurl=https://static.criteo.net/empty.html&#39;" class="c logo"><div class="d"><div class="imageholder" data-imgsrc="https://images.jp.as.criteo.net/img/img?h=39&amp;i=24909-&amp;m=0&amp;q=80&amp;u=http%3A%2F%2Fstatic.criteo.net%2Fdesign%2Fdt%2F20828%2F151215%2Fdb16314024f3416a924d52e24a8bff0d_151215_lbg_h.png&amp;w=298&amp;s=PHOgVnsAs6QfzddEIld_CGLv"></div></div></a><div class="e pvs"><a href="https://cat.jp.as.criteo.com/delivery/ck.php?cppv=1&amp;cpp=0GJnZHxsOUJQT2RPUnI3ZEhUbDVTdkc0VzJRT1ZBQmIweDJpUDdHNW1ZWThQQWtJMWlaSDZWZHJ4cXUwSUpxSXJ3aWFjdmZHZTkyK2NhSnk5alhobkJWQmZWZEVYZDRIS2Z4T1NweEJENFVXTUl6aGozRDRLUXJMSVJaOXpHN0dza2tJYUxQRXlvS0FUZGdEbVVaSDhJMDJwVUVkNlF1OE92UjFmdHpEbEZpeGduaFIzaWxCcExjOGlHNkROYTFFQXZpaGk2UlNPWTF5ZE0yS3ZCaXpGYzZvWWdtTXl3Q1Urd0JyYWNKNlNvOGc2OENXN0ZEa05NKzBHR1h1cXliUjNwNlY4TktzdFZoUG5OVktsd3RkZThZUW5HYkhKQ0dJdmpsUHo2N2pJdTg4UVEwR1NiWHFNMkdnNkFOSDE3WkRLZTZMc2VaQTVQZzBybTdCUXJGVFlES1lqbTE1WmZJOFExa2RQM3phb1JuVmVzMjQ9fA%3D%3D&amp;maxdest=http%3A%2F%2Foffer.alibaba.com%2Fcatalogs%2Fproducts%2FCID100003758%3Fct%3D2%26bm%3Dcpa%26an%3D201501%26impressionid%3D56a0a215df13c4324bb5627934e57323%26clickid%3D56a0a215df13c4324bb5627934e573231453367829ekv2579ablkk61%26aff_id%3D721492293%26src%3Dcpcp%26pid%3D24909%26campaignid%3D91423%26regtype%3Dsite" target="_blank" onclick="frames[&#39;if1d5751bc22&#39;].location.href=&#39;https://adclick.g.doubleclick.net/aclk?sa=L&amp;ai=CYvPaEaKgVoqkFY2noAOtj4yQBNiVzb8E8K_Evn3AjbcBEAEgAGDliuWDqA6CARdjYS1wdWItNDcxNTM1MzkyNzA0NjkwOcgBCeACAKgDAaoEuQFP0NAVjmi6LwdgwrYkgjQHJ0RqQQBDku2p3uho9afC8MzdkCUdzr75UFKYwuy_hqPzGf59yy65XNeb5Bfov64CCkH0PZlF1mKWTvzR4l0_OzfaXEWNXjzBNLMEC07WPjqb0bWsaOLqTSNZs23FJegiZZPc_Mw8LnOemqSYSdeXy0a_jGX2kwuUnfySYQkeofTIVwMCoT45kFSozhyts7G2g8Rodef92mtmELM2D0_PftcI06a0LPRO_uAEAYAGsaGTlKq7r4qWAaAGIdgHAA&amp;num=1&amp;sig=AOD64_3KBkX4b_l3b7lmyX-wMCPf3HDOfA&amp;client=ca-pub-4715353927046909&amp;adurl=https://static.criteo.net/empty.html&#39;" class="f overlay zContainer pv zContainer"><div class="g"><div class="h"><div class="i"><div class="j"><div class="k"><div class="text n ellipsis">Go Now &gt;</div></div></div></div><div class="o zContainer"><div class="p"><div class="q"><div class="imageholder" data-imgsrc="https://images.jp.as.criteo.net/img/img?cb=4&amp;h=400&amp;i=24909-ekv2579ablkk61&amp;m=0&amp;q=80&amp;u=http%3A%2F%2Fg03.s.alicdn.com%2Fkf%2FHTB1fvuPKFXXXXb8XFXXq6xXFXXXJ.jpg&amp;w=400&amp;s=uWf7f41_8pJ67KYE8fIBWiAg"></div></div></div></div><div class="t"><div class="u"><div class="text v"><div data-ellipsis="multiline" style="word-wrap: break-word; max-width: 127px;">Farm Machinery &amp; Equipment</div></div><div class="w"><div class="text e1 d1"><div data-ellipsis="fit" style="max-width: 139px; font-size: 13px; line-height: 16px;">Get Quotes</div></div></div></div></div></div></div></a><a href="https://cat.jp.as.criteo.com/delivery/ck.php?cppv=1&amp;cpp=Tca4TXxsOUJQT2RPUnI3ZEhUbDVTdkc0VzJRT1ZBQmIweDJpUDdHNW1ZWThQQWtJMWlaSDZWZHJ4cXUwSUpxSXJ3aWFjdmZHZTkyK2NhSnk5alhobkJWQmZWZEVYZDRIS2Z4T1NweEJENFVXTUl6aGozRDRLUXJMSVJaOXpHN0dza2tJYUxQRXlvS0FUZGdEbVVaSDhJMDJwVUVkNlF1OE92UjFmdHpEbEZpeGduaFJZY1FkZEdJbHkrT21tVTRhY295QjNlczByM2FibXJRZXg3YWFrSllTSUxOQ0VHbThLS3FyRE90VUk5UGVBUnpSWjdrWWVRN0pCd1YwaU1JbXQySitGWmFaRHdQRzVoMkhJSS9FRnNmZDBWKyszN09wV0QwWnhDa09kMVA5Tk03SXMyajhLRGMrSFBWclVRWk1vL1A4b1JOd3phWkN1ZjZvY3B0N2NrTHFmWnpQNXNxZklQWDdUMGRVaWFJaHlRWW89fA%3D%3D&amp;maxdest=http%3A%2F%2Foffer.alibaba.com%2Fcatalogs%2Fproducts%2FCID1%3Fct%3D2%26bm%3Dcpa%26an%3D201501%26impressionid%3D56a0a215df13c4324bb5627934e57323%26clickid%3D56a0a215df13c4324bb5627934e573231453367829dom7rs0ku%26aff_id%3D721492293%26src%3Dcpcp%26pid%3D24909%26campaignid%3D91423%26regtype%3Dsite" target="_blank" onclick="frames[&#39;if1d5751bc22&#39;].location.href=&#39;https://adclick.g.doubleclick.net/aclk?sa=L&amp;ai=CYvPaEaKgVoqkFY2noAOtj4yQBNiVzb8E8K_Evn3AjbcBEAEgAGDliuWDqA6CARdjYS1wdWItNDcxNTM1MzkyNzA0NjkwOcgBCeACAKgDAaoEuQFP0NAVjmi6LwdgwrYkgjQHJ0RqQQBDku2p3uho9afC8MzdkCUdzr75UFKYwuy_hqPzGf59yy65XNeb5Bfov64CCkH0PZlF1mKWTvzR4l0_OzfaXEWNXjzBNLMEC07WPjqb0bWsaOLqTSNZs23FJegiZZPc_Mw8LnOemqSYSdeXy0a_jGX2kwuUnfySYQkeofTIVwMCoT45kFSozhyts7G2g8Rodef92mtmELM2D0_PftcI06a0LPRO_uAEAYAGsaGTlKq7r4qWAaAGIdgHAA&amp;num=1&amp;sig=AOD64_3KBkX4b_l3b7lmyX-wMCPf3HDOfA&amp;client=ca-pub-4715353927046909&amp;adurl=https://static.criteo.net/empty.html&#39;" class="f overlay zContainer pv zContainer"><div class="g"><div class="h"><div class="i"><div class="j"><div class="k"><div class="text n ellipsis">Go Now &gt;</div></div></div></div><div class="o zContainer"><div class="p"><div class="q"><div class="imageholder" data-imgsrc="https://images.jp.as.criteo.net/img/img?cb=4&amp;h=400&amp;i=24909-dom7rs0ku&amp;m=0&amp;q=80&amp;u=http%3A%2F%2Fg04.s.alicdn.com%2Fkf%2FHTB1GOuIKFXXXXb_XVXX760XFXXXY.png&amp;w=400&amp;s=5w0eMNab_hyoEkWGVlws95FL"></div></div></div></div><div class="t"><div class="u"><div class="text v"><div data-ellipsis="multiline" style="word-wrap: break-word; max-width: 127px;">Agriculture</div></div><div class="w"><div class="text e1 d1"><div data-ellipsis="fit" style="max-width: 139px; font-size: 13px; line-height: 16px;">Get Quotes</div></div></div></div></div></div></div></a></div></div></div> </div><div style="position: absolute; left: 0px; top: 0px; visibility: hidden;">
<iframe id="if1d5751bc22" name="if1d5751bc22" src="empty.html" width="1px" height="1px"></iframe>
</div>
</div>
<div id="beacon_1d5751bc22" style="position: absolute; left: 0px; top: 0px; visibility: hidden;">
<img width="0" height="0" src="impression.jpg">
<img width="0" height="0" src="lg.php">
</div>



</body></html>