
<!-- saved from url=(0221)http://gslbeacon.lijit.com/beacon?viewId=a_298577_d0543319ba624db8b864efe1dc331e04&rand=6770&informer=8837264&type=fpads&loc=http%3A%2F%2Fwww.maangchi.com%2Frecipe%2Fbokkeun-kkae&rr=https%3A%2F%2Fwww.google.co.in%2F&v=1.2 -->
<html><head><meta http-equiv="Content-Type" content="text/html; charset=UTF-8"></head><body><img style="width:0px; height:0px;" width="0" height="0" src="hbpix"><img style="width:0px; height:0px;" width="0" height="0" src="usermatch"></body></html>