PIN_1453367833050.f.callback[0]({"url":"http://www.maangchi.com/recipe/bokkeun-kkae","count":48})