
<!-- saved from url=(0063)http://dis.jp.as.criteo.com/dis/dis.aspx?pu=22250&cb=4361fa08ef -->
<html><head><meta http-equiv="Content-Type" content="text/html; charset=UTF-8"><title>Dising</title>
<script type="text/javascript">
	rD = false;
	function edcTimeout() {	rD = true; }
	function cto_AI(u,n) { if (rD) {return;} var cto_ifr=document.getElementById('cto_sub_ifr_px');var cto_ifr_doc=null;if(typeof(cto_ifr)==='undefined'||cto_ifr==null)cto_ifr_doc=document;else if(cto_ifr.contentDocument)cto_ifr_doc=cto_ifr.contentDocument;else if(cto_ifr.contentWindow)cto_ifr_doc=cto_ifr.contentWindow.document;else if(cto_ifr.document)cto_ifr_doc=cto_ifr.document;else cto_ifr_doc=document;if(cto_ifr_doc.createElement){var im=cto_ifr_doc.createElement('IMG');if(im){var d=document.getElementById('cto_pc');if(d!==null && d.appendChild){d.appendChild(im)}if(n){im.onload=n;im.onerror=n;im.onabort=n}im.src=u}} }
	function cto_l(){if(typeof(cto_loaded)==='undefined')cto_loaded=1;else cto_loaded++;}
	function cto_run() {function l_i1_1(){cto_AI('http://a.admaxserver.com/pixel?id=7011&tag_type=img', cto_l);}function l_i2_1(){cto_AI('https://x.bidswitch.net/sync?dsp_id=46&user_id=c03881d3-a60b-45c0-a882-1d51e1dcba76&expires=30', l_i2_2);}function l_i2_2(){cto_AI('http://x.bidswitch.net/sync?dsp_id=46&user_id=c03881d3-a60b-45c0-a882-1d51e1dcba76&expires=30', cto_l);}function l_i3_1(){cto_AI('http://r.openx.net/set?pid=4a13aa44-a31f-cb88-8cfe-b6ec575d2a8c&rtb=c03881d3-a60b-45c0-a882-1d51e1dcba76&c=jp', l_i3_2);}function l_i3_2(){cto_AI('http://r.openx.net/set?pid=5c627885-3475-4ed8-a54e-8d0222f57cbe&rtb=c03881d3-a60b-45c0-a882-1d51e1dcba76&c=au', cto_l);}function l_i4_1(){cto_AI('http://image2.pubmatic.com/AdServer/Pug?vcode=bz0yJnR5cGU9MSZqcz0xJmNvZGU9MzIxMSZ0bD0xMjk2MDA=&piggybackCookie=uid:c03881d3-a60b-45c0-a882-1d51e1dcba76', l_i4_2);}function l_i4_2(){cto_AI('http://image2.pubmatic.com/AdServer/Pug?vcode=bz0yJnR5cGU9MSZqcz0xJmNvZGU9MzE0OSZ0bD0xMjk2MDA=&piggybackCookie=uid:c03881d3-a60b-45c0-a882-1d51e1dcba76', cto_l);}function l_i5_1(){cto_AI('http://r.casalemedia.com/rum?cm_dsp_id=36&external_user_id=c03881d3-a60b-45c0-a882-1d51e1dcba76', cto_l);}function l_i6_1(){cto_AI('http://pixel.rubiconproject.com/tap.php?v=5421&nid=2054&put=c03881d3-a60b-45c0-a882-1d51e1dcba76&expires=1', l_i6_2);}function l_i6_2(){cto_AI('http://pixel.rubiconproject.com/tap.php?v=12524', l_i6_3);}function l_i6_3(){cto_AI('http://pixel.rubiconproject.com/tap.php?v=124944&nid=3974&put=c03881d3-a60b-45c0-a882-1d51e1dcba76&expires=30', cto_l);}function l_i7_1(){cto_AI('http://us-u.openx.net/w/1.0/sd?id=537072953&val=c03881d3-a60b-45c0-a882-1d51e1dcba76&c=au', cto_l);}function l_i8_1(){cto_AI('http://ib.adnxs.com/setuid?entity=52&code=c03881d3-a60b-45c0-a882-1d51e1dcba76&seg=1005440', l_i8_2);}function l_i8_2(){cto_AI('http://ib.adnxs.com/seg?add=95287&redir=http%3A%2F%2Fib.adnxs.com%2Fgetuid%3Fhttp%3A%2F%2Fdis.criteo.com%2Fdis%2Frtb%2Fappnexus%2Fcookiematch.aspx%3Fappnxsid%3D%24UID', l_i8_3);}function l_i8_3(){cto_AI('http://ib.adnxs.com/seg?add=2093730&t=2&redir=pxj', l_i8_4);}function l_i8_4(){cto_AI('http://ib.adnxs.com/seg?add=1534413&t=2&redir=pxj', l_i8_5);}function l_i8_5(){cto_AI('http://ib.adnxs.com/seg?add=1534412&t=2&redir=pxj', l_i8_6);}function l_i8_6(){cto_AI('http://ib.adnxs.com/seg?add=1005440&redir=http%3A%2F%2Fib.adnxs.com%2Fgetuid%3Fhttp%3A%2F%2Fdis.criteo.com%2Fdis%2Frtb%2Fappnexus%2Fcookiematch.aspx%3Fappnxsid%3D%24UID', cto_l);}function l_i9_1(){cto_AI('https://www.facebook.com/fr/u.php?p=474445595912814&m=c03881d3-a60b-45c0-a882-1d51e1dcba76&t=2592000', l_i9_2);}function l_i9_2(){cto_AI('http://www.facebook.com/fr/u.php?p=474445595912814&m=c03881d3-a60b-45c0-a882-1d51e1dcba76&t=2592000', cto_l);}function l_i10_1(){cto_AI('http://jp-u.openx.net/w/1.0/cm?id=4a13aa44-a31f-cb88-8cfe-b6ec575d2a8c&rtb=c03881d3-a60b-45c0-a882-1d51e1dcba76&c=jp', cto_l);}function l_i11_1(){cto_AI('http://s-cm.send.microad.jp/cm?pid=1ff2bdb3d44bdb3c31eb98bf156fe0e1', cto_l);}function l_i12_1(){cto_AI('http://s-cs.send.microad.jp/cs?key=criteo_1', cto_l);}function l_i13_1(){cto_AI('http://ums.adtech.de/mapuser?providerid=1019;userid=c03881d3-a60b-45c0-a882-1d51e1dcba76', cto_l);}function l_i14_1(){cto_AI('http://trc.taboola.com/sg/criteo/1/rtb/', cto_l);}function l_i15_1(){cto_AI('http://sync.ad-stir.com/?symbol=CRITEO&uid=c03881d3-a60b-45c0-a882-1d51e1dcba76', cto_l);}function l_i16_1(){cto_AI('http://ads.yahoo.com/pixel?id=2238923&t=2&piggyback=http%3A%2F%2Fads.yahoo.com%2Fcms%2Fv1%3Fesig%3D1~7315a025058f3128185459bfaf16e164414683fc%26nwid%3D10000545908%26sigv%3D1', cto_l);}function l_i17_1(){cto_AI('http://cm.g.doubleclick.net/pixel?google_nid=cjp&google_sc&google_ula=913071&google_hm=04E4wAumwEWogh1R4dy6dg', cto_l);}cto_tot = 17;
l_i1_1();l_i2_1();l_i3_1();l_i4_1();l_i5_1();l_i6_1();l_i7_1();l_i8_1();l_i9_1();l_i10_1();l_i11_1();l_i12_1();l_i13_1();l_i14_1();l_i15_1();l_i16_1();l_i17_1();}
</script>
</head>
<body onload="if(window.cto_run) cto_run();">
<iframe id="cto_sub_ifr_px" src="javascript:false" style="width:1px;height:1px;display:none;">
&lt;div id='cto_pc' style='display:none'&gt;&lt;/div&gt;
</iframe>
<script type="text/javascript">window.setTimeout=("if(cto_loaded<cto_tot) {edcTimeout(); location.replace('http://static.eu.criteo.net/empty.html');}", 5000);</script>

</body></html>