
<!-- saved from url=(0308)http://loadus.exelator.com/load//net.php?n=eJzNjssOgyAUBX%2FFsHAJ8VGtjdhvoXgDJAgErrWfX7WrdtVuGncnc5LJ9GZSmQajNHJSkGwxI%2Bp9pSg50Yjhwhg8wAoEOlKphVOeSj%2BxacVk6NlqGPqvNNaLcU70ZfNxt2yMXQNvyyZXvMzDHC0v6lNVNe25KuuuyyUq7mBJeZpv2%2F54Hb6T7G9RKfiIx8sChxBRGHe4MoziDvbXrCfk8szN&h=ca3511682789f3e6052d75282a46ab9a&ver=2 -->
<html><head><meta http-equiv="Content-Type" content="text/html; charset=windows-1252"></head><body><img height="1" width="1" src="ex"><img height="1" width="1" src="saved_resource(4)"><img height="1" width="1" src="saved_resource(5)"><img height="1" width="1" src="saved_resource(6)"><img height="1" width="1" src="saved_resource(7)"></body></html>