<!DOCTYPE html>
<!-- saved from url=(0321)https://ad.doubleclick.net/ddm/adi/N4864.YahooIndia/B8678109.118397550;sz=300x250;dcopt=rcl;mtfIFrameRequest=false;click=http://pr.ybp.yahoo.com/cj/cd/w56HAoiluhMZiAbkX2jawYF6vPq-x60-PEPgh72PUSAskoeQ3sHmwToULOGNSWDtATWHNnzx9v-c3vj3QlOSUAltZNaVeaGwq-5l4kLkaNOysgU1rMei86LogbTIkYmPqpu1cZVqfEU/rurl/;ord=8576412859907550018? -->
<html><head><meta http-equiv="Content-Type" content="text/html; charset=UTF-8"><title>Advertisement</title></head><body style="margin:0px;" marginwidth="0" marginheight="0"><div class="GoogleActiveViewClass" id="DfaVisibilityIdentifier_1658159949"><script type="text/javascript" async="" src="lidar.js"></script><script type="text/javascript">
(function() {
  var DEBUG = ''.toLowerCase() == 'true';
  var csiStart = (+new Date);
  var studioObjects = window['studioV2'] = window['studioV2'] || {};
  var publisherSideFilePath = unescape('');
  if(publisherSideFilePath == '') {
    publisherSideFilePath = '/doubleclick/DARTIframe.html';
  } else if (publisherSideFilePath.charAt(publisherSideFilePath.length - 1) == '/') {
    publisherSideFilePath += 'DARTIframe.html';
  }
  var bookingTimeMetaData = {
  };

  var runtimeMetaData = {
  };

  var exitUrlPatternMacroValues = {
  };
  var macroParser = function (macroName, value) {
    return (value.indexOf(macroName) < 0) ? value : '';
  };
  var adServerData = {
    eventReportingUrl: 'https://ad.doubleclick.net/activity;src=4638301;met=1;v=1;pid=118397550;aid=300313252;ko=0;cid=68142740;rid=68022840;rv=1;',
    clickUrl: 'http://pr.ybp.yahoo.com/cj/cd/w56HAoiluhMZiAbkX2jawYF6vPq-x60-PEPgh72PUSAskoeQ3sHmwToULOGNSWDtATWHNnzx9v-c3vj3QlOSUAltZNaVeaGwq-5l4kLkaNOysgU1rMei86LogbTIkYmPqpu1cZVqfEU/rurl/https://adclick.g.doubleclick.net/pcs/click?xai=AKAOjsvhHW_gDSQ2KqFyvvQ3j03KVhimZId4H2SY5zbNvruYIQJB6FjwFspn4lEYyad6nhecTWChUtWKOdTU_kg5x659KilWunQuLenHZWkAAK6nexdEjR5SSwG8&sig=Cg0ArKJSzAN-UDFBZel0EAE&urlfix=1&adurl=',
    clickUrlTimesToEscape: '',
    impressionUrl: 'https://googleads4.g.doubleclick.net/pcs/view?xai=AKAOjsvhHW_gDSQ2KqFyvvQ3j03KVhimZId4H2SY5zbNvruYIQJB6FjwFspn4lEYyad6nhecTWChUtWKOdTU_kg5x659KilWunQuLenHZWkAAK6nexdEjR5SSwG8&sig=Cg0ArKJSzH-PTzn11jgNEAE&urlfix=1&adurl=',
    geoData: 'ct=IN&st=&city=7282&dma=0&zp=&bw=1',
    siteName: 'N4864.YahooIndia',
    siteId: '713091',
    adId: '0',
    exitSuffix: '',
    buyId: '8678109',
    creativeId: '68142740',
    placementId: '118397550',
    advertiserId: '4638301',
    keyValueOrdinal: '0',
    renderingVersion: '1',
    renderingId: '68022840',
    randomNumber: '1658159949',
    dynamicData: '',
    stringReportingUrl: 'https://ad.doubleclick.net/activity;src=4638301;stragg=1;v=1;pid=118397550;aid=300313252;ko=0;cid=68142740;rid=68022840;rv=1;rn=1658159949;',
    urlToGetKeywordsFor: '%LivePreviewSiteUrl',
    bookingTimeMetaData: bookingTimeMetaData,
    generatedAdSlot: false,
    exitUrlPatternMacroValues: exitUrlPatternMacroValues,
    renderingEnvironment: ('' == '1' ||
        window['mraid']) ? 'IN_APP' : 'BROWSER',
    placementDimensions: {
      'w': '300',
      'h': '250'
    },
    tag: {
      adContainerElementId: macroParser('ad_container_id', ''),
      hideObjects: '',
      top: '',
      left: '',
      zIndex: '',
      duration: '',
      wmode: '',
      preferFlash: '' == 'true',
      preferHtml5Artwork: '' == 'true',
      adSenseKeywords: '',
      adSenseLatitude: '',
      adSenseLongitude: '',
      publisherSideFilePath: publisherSideFilePath,
      runtimeMetaData: runtimeMetaData,
      lidarEnabled: false,
      expansionMode: '',
      renderFloatInplace: ''.toLowerCase() == 'true',
      tryToWriteHtmlInline: ''.toLowerCase() == 'true'
    }
  };

  var scheme;
  if ('https' == 'http' || 'https' == 'https') {
    // DCM scheme macro usage.
    scheme = 'https' + ':';
  } else if ('%%SCHEME%%' == 'http' || '%%SCHEME%%' == 'https') {
    // XFP scheme macro usage.
    scheme = '%%SCHEME%%' + ':';
  } else {
    // preview usage.
    scheme = location.protocol;
  }
  var staticResourceMediaServer = scheme == 'https:' ?
       'https://s0.2mdn.net' :
       'http://s0.2mdn.net';

  var creativeMediaServer = scheme == 'https:' ?
       'https://s0.2mdn.net' :
       'http://s0.2mdn.net';

  var backupImageUrl = '/4638301/TOEFL_India_Aware_Bollywood_300x250.jpg';
  if (!/^https?:/.test(backupImageUrl)) {
    backupImageUrl = creativeMediaServer + backupImageUrl;
  }
  var backupImage = {
    exitUrl: 'http://pr.ybp.yahoo.com/cj/cd/w56HAoiluhMZiAbkX2jawYF6vPq-x60-PEPgh72PUSAskoeQ3sHmwToULOGNSWDtATWHNnzx9v-c3vj3QlOSUAltZNaVeaGwq-5l4kLkaNOysgU1rMei86LogbTIkYmPqpu1cZVqfEU/rurl/https://adclick.g.doubleclick.net/pcs/click?xai=AKAOjsvhHW_gDSQ2KqFyvvQ3j03KVhimZId4H2SY5zbNvruYIQJB6FjwFspn4lEYyad6nhecTWChUtWKOdTU_kg5x659KilWunQuLenHZWkAAK6nexdEjR5SSwG8&sig=Cg0ArKJSzAN-UDFBZel0EAE&urlfix=1&adurl=https://toefl-registration.ets.org/TOEFLWeb/extISERLogonPrompt.do',
    target: '_blank',
    imageUrl: backupImageUrl,
    width: '300',
    height: '250',
    backupDisplayActivityUrl: '',
    thirdPartyBackupImpressionUrl: ''
  };

  var versionPrefix = DEBUG ? 'db_' : '';
  var templateVersion = '200_111';
  var renderingScriptPath = '/879366';
  var rendererDisplayType = '';
  rendererDisplayType += 'dfa7banner_';
  rendererDisplayType += 'flash_';
  var rendererFormat = 'inpage';
  var rendererName = rendererDisplayType + rendererFormat;
  var renderingLibrary = renderingScriptPath + '/' + rendererName + '_rendering_lib_' +
      versionPrefix + templateVersion + '.js';
  // Adserver has a logic to detect media files and prepend host name.
  if (!/^https?:/.test(renderingLibrary)) {
    renderingLibrary = staticResourceMediaServer + renderingLibrary;
  }

  var adCreativeDefinitions = {};

  var creativeId = '68142740';
  var adId = adCreativeDefinitions[adServerData.adId] ? adServerData.adId : 0;
  // The unique creative is identified by combination of creative id and ad id.
  // When the same creative(same creative id and same ad id) is served on the page more
  // than once then they will share the creative definition yet there will be
  // multiple instances of 'adResponses'.s
  var creativeKey = [creativeId, adId].join('_');
  var creativeDef = adCreativeDefinitions[adServerData.adId] ?
      adCreativeDefinitions[adServerData.adId] :
      '[%DEFAULT_PLCR_PATH%]';
  if(!/^https?:/.test(creativeDef) && creativeDef.substring(0, 2) != '//') {
    creativeDef = creativeMediaServer + creativeDef;
  }
    creativeDef = null;
  studioObjects['creativeCount'] = studioObjects['creativeCount'] || 0;
  var creativeDto = {
    id: creativeId,
    uniqueId: creativeId + '_' + studioObjects['creativeCount']++,
    templateVersion: templateVersion,
    adServerData: adServerData,
    isPreviewEnvironment: '%PreviewMode' == 'true',
    hasFlashAsset: true,
    hasHtmlAsset: false,
    requiresCss3Animations: false,
    flashVersion: '8',
    httpsMediaServer: 'https://s0.2mdn.net',
    httpMediaServer: 'http://s0.2mdn.net',
    renderingScriptPath: renderingScriptPath,
    renderingLibrary: renderingLibrary,
    rendererName: rendererName,
    creativeDefinitionUrl: creativeDef,
    creativeKey: creativeKey,
    thirdPartyImpressionUrls: [''],
    thirdPartyArtworkImpressionUrl: '',
    breakoutToTop: false,
    dimensions: {
      width: '300px',
      height: '250px'
    },
    backupImage: backupImage,
    csiStart: csiStart,
    csiAdRespTime: csiStart - (parseFloat('') || 0),
    csiEvents: {},
    hasModernizrFeatureChecks: false,
    html5FeatureChecks: [
    ],
    hasSwiffyHtmlAsset: false
  };

  var inGdnIframe = window['IN_ADSENSE_IFRAME'] || false;
  var inYahooSecureIframe = window.Y && Y.SandBox && Y.SandBox.vendor;
  var inWinLiveIframe = false;
  try {
    inWinLiveIframe = !!window.$WLXRmAd;
  } catch(e) {}
  var inSafeFrame = window.$sf && window.$sf.ext;
  var isMsnAjaxIframe = (typeof(inDapMgrIf) != 'undefined' && inDapMgrIf);
  var breakoutIframe = ''.toLowerCase();
  var shouldBreakout = (((false ||
                          false) &&
                         !inGdnIframe &&
                         !inYahooSecureIframe &&
                         !inSafeFrame &&
                         !inWinLiveIframe) ||
                        (true && breakoutIframe == 'true')) &&
                       self != top &&
                       !creativeDto.isPreviewEnvironment &&
                       breakoutIframe != 'false';

  if (adServerData.tag.adContainerElementId == '' &&
      (true || false ||
         adServerData.tag.renderFloatInplace)) {
    var containerId = ['creative', creativeDto.uniqueId].join('_');
    var divHtml = ['<div id="', containerId, '"></div>'].join('');
    document.write(divHtml);
    adServerData.tag.adContainerElementId = containerId;
    adServerData.generatedAdSlot = true;
  }
  var creatives = studioObjects['creatives'] = studioObjects['creatives'] || {};
  var creative = creatives[creativeKey] = creatives[creativeKey] || {};
  var adResponses = creative['adResponses'] = creative['adResponses'] || [];
  creative['shouldBreakout'] = creative['shouldBreakout'] || shouldBreakout;
  var iframeBusterLibrary = renderingScriptPath + '/iframe_buster_' +
      versionPrefix + templateVersion + '.js';
  if(!/^https?:/.test(iframeBusterLibrary)) {
    iframeBusterLibrary = staticResourceMediaServer + iframeBusterLibrary;
  }
  var loadedLibraries = studioObjects['loadedLibraries'] = studioObjects['loadedLibraries'] || {};
  var versionedLibrary = loadedLibraries[templateVersion] = loadedLibraries[templateVersion] || {};
  var typedLibrary = versionedLibrary[rendererName] = versionedLibrary[rendererName] || {};
  adResponses.push({
    creativeDto: creativeDto
  });
  if (shouldBreakout) {
    if (versionedLibrary['breakout']) {
      versionedLibrary['breakout']();
    } else if (!versionedLibrary['breakoutLoading']) {
      versionedLibrary['breakoutLoading'] = true;
      document.write('<scr' + 'ipt type="text/javascript" src="' + iframeBusterLibrary + '" async="async"></scr' + 'ipt>');
    }
  } else if (typedLibrary['bootstrap'] && creative['creativeDefinition']) {
    typedLibrary['bootstrap']();
  } else {
    if (!typedLibrary['loading']) {
      typedLibrary['loading'] = true;
      creativeDto.csiEvents['gb'] = (+new Date);
      document.write('<scr' + 'ipt type="text/javascript" src="' + renderingLibrary + '"' + (adServerData.tag.tryToWriteHtmlInline ? '' : ' async="async"') + '></scr' + 'ipt>');
    }
  }
  if (isMsnAjaxIframe) {
    window.setTimeout("document.close();", 1000);
  }
  (function() {
  var creativeDefinition = {
    customScriptUrl: '',
    isDynamic: false,
    delayedImpression: false,
    standardEventIds: {
      HTML5_CREATIVE_IMPRESSION: '871060'
    },
    exitEvents: [
      {
        name: 'clickTag',
        reportingId: '',
        url: 'http://pr.ybp.yahoo.com/cj/cd/w56HAoiluhMZiAbkX2jawYF6vPq-x60-PEPgh72PUSAskoeQ3sHmwToULOGNSWDtATWHNnzx9v-c3vj3QlOSUAltZNaVeaGwq-5l4kLkaNOysgU1rMei86LogbTIkYmPqpu1cZVqfEU/rurl/https://adclick.g.doubleclick.net/pcs/click?xai=AKAOjsvhHW_gDSQ2KqFyvvQ3j03KVhimZId4H2SY5zbNvruYIQJB6FjwFspn4lEYyad6nhecTWChUtWKOdTU_kg5x659KilWunQuLenHZWkAAK6nexdEjR5SSwG8&sig=Cg0ArKJSzAN-UDFBZel0EAE&urlfix=1&adurl=https://toefl-registration.ets.org/TOEFLWeb/extISERLogonPrompt.do',
        targetWindow: '_blank',
        windowProperties: ''
      }
    ],
    timerEvents: [
    ],
    counterEvents: [
    ],
    childFiles: [
    ],
    videoFiles: [
    ],
    videoEntries: [
    ],
    primaryAssets: [
      {
        id: '0',
        artworkType: 'FLASH',
        displayType: 'BANNER',
        width: '300',
        height: '250',
        servingPath: '/4638301/TOEFL_India_Aware_Bollywood_300x250.swf',
        zIndex: '0',
        customCss: '',
        flashArtworkTypeData: {
          actionscriptVersion: '1',
          wmode: 'opaque',
          sdkVersion: '',
          flashBackgroundColor: '',
          allowScriptAccess: 'always'
        },
        htmlArtworkTypeData: null,
        floatingDisplayTypeData: null,
        expandingDisplayTypeData: null,
        imageGalleryTypeData: null,
        pageSettings:null,
layoutsConfig: null,
layoutsApi: null
      }
    ]
  }
  var rendererDisplayType = '';
  rendererDisplayType += 'dfa7banner_';
  rendererDisplayType += 'flash_';
  var rendererFormat = 'inpage';
  var rendererName = rendererDisplayType + rendererFormat;

  var creativeId = '68142740';
  var adId = '0';
  var templateVersion = '200_111';
  var studioObjects = window['studioV2'] = window['studioV2'] || {};
  var creativeObjects = studioObjects['creatives'] = studioObjects['creatives'] || {};
  var creativeKey = [creativeId, adId].join('_');
  var creative = creativeObjects[creativeKey] = creativeObjects[creativeKey] || {};
  creative['creativeDefinition'] = creativeDefinition;
  var adResponses = creative['adResponses'] || [];
  for (var i = 0; i < adResponses.length; i++) {
    adResponses[i].creativeDto && adResponses[i].creativeDto.csiEvents &&
        (adResponses[i].creativeDto.csiEvents['pe'] =
            adResponses[i].creativeDto.csiEvents['pe'] || (+new Date));
  }
  var loadedLibraries = studioObjects['loadedLibraries'] = studioObjects['loadedLibraries'] || {};
  var versionedLibrary = loadedLibraries[templateVersion] = loadedLibraries[templateVersion] || {};
  var typedLibrary = versionedLibrary[rendererName] = versionedLibrary[rendererName] || {};
  if (typedLibrary['bootstrap']) {
    typedLibrary.bootstrap();
  }
})();

})();
</script><div id="creative_68142740_0"><div style="position: relative; width: 300px; height: 250px; box-sizing: content-box;"><object type="application/x-shockwave-flash" data="https://s0.2mdn.net/4638301/TOEFL_India_Aware_Bollywood_300x250.swf" base="https://s0.2mdn.net/4638301" width="300" height="250" wmode="opaque" allowscriptaccess="always" flashvars="clickTag=http%3A%2F%2Fpr.ybp.yahoo.com%2Fcj%2Fcd%2Fw56HAoiluhMZiAbkX2jawYF6vPq-x60-PEPgh72PUSAskoeQ3sHmwToULOGNSWDtATWHNnzx9v-c3vj3QlOSUAltZNaVeaGwq-5l4kLkaNOysgU1rMei86LogbTIkYmPqpu1cZVqfEU%2Frurl%2Fhttps%3A%2F%2Fadclick.g.doubleclick.net%2Fpcs%2Fclick%3Fxai%3DAKAOjsvhHW_gDSQ2KqFyvvQ3j03KVhimZId4H2SY5zbNvruYIQJB6FjwFspn4lEYyad6nhecTWChUtWKOdTU_kg5x659KilWunQuLenHZWkAAK6nexdEjR5SSwG8%26sig%3DCg0ArKJSzAN-UDFBZel0EAE%26urlfix%3D1%26adurl%3Dhttps%3A%2F%2Ftoefl-registration.ets.org%2FTOEFLWeb%2FextISERLogonPrompt.do&amp;moviePath=https://s0.2mdn.net/4638301/&amp;moviepath=https://s0.2mdn.net/4638301/" name="FLASH_200_111_dfa7banner_flash_inpage_0" id="FLASH_200_111_dfa7banner_flash_inpage_0" allowfullscreeninteractive="true" allowfullscreen="true" style="outline: none;"></object></div></div><script type="text/javascript" src="dfa7banner_flash_inpage_rendering_lib_200_111.js" async="async"></script>
<noscript style="display: none;">
  &lt;a target="_blank" href="http://pr.ybp.yahoo.com/cj/cd/w56HAoiluhMZiAbkX2jawYF6vPq-x60-PEPgh72PUSAskoeQ3sHmwToULOGNSWDtATWHNnzx9v-c3vj3QlOSUAltZNaVeaGwq-5l4kLkaNOysgU1rMei86LogbTIkYmPqpu1cZVqfEU/rurl/https://adclick.g.doubleclick.net/pcs/click?xai=AKAOjsvhHW_gDSQ2KqFyvvQ3j03KVhimZId4H2SY5zbNvruYIQJB6FjwFspn4lEYyad6nhecTWChUtWKOdTU_kg5x659KilWunQuLenHZWkAAK6nexdEjR5SSwG8&amp;sig=Cg0ArKJSzAN-UDFBZel0EAE&amp;urlfix=1&amp;adurl=https://toefl-registration.ets.org/TOEFLWeb/extISERLogonPrompt.do"&gt;
    &lt;img border="0" alt="" src="//s0.2mdn.net/4638301/TOEFL_India_Aware_Bollywood_300x250.jpg"
        width="300" height="250" /&gt;
  &lt;/a&gt;
</noscript>
</div><script type="text/javascript">if (!window.mraid) {(function() {var avDiv = document.getElementById("DfaVisibilityIdentifier_1658159949");if (!avDiv) {avDiv = {};window["DfaVisibilityIdentifier_1658159949_avData"] = avDiv;}if (avDiv) {avDiv['_avi_'] = 'BccSaHKKgVquOHZGbvgTmtaBoAAAAABABOAHgBAKIBd3VkQSgBj8';avDiv['_avihost_'] = 'pagead2.googlesyndication.com';avDiv['_avm_'] = 'la\x3d0\x26';}var glidar = document.createElement('script');glidar.type = 'text/javascript';glidar.async = true;glidar.src = '//pagead2.googlesyndication.com/pagead/js/lidar.js';var s = document.getElementsByTagName('script')[0];s.parentNode.insertBefore(glidar, s);})();} else {document.write('\x3cimg src="//pagead2.googlesyndication.com/activeview?id=lidar2&avi=BccSaHKKgVquOHZGbvgTmtaBoAAAAABABOAHgBAKIBd3VkQSgBj8&r=w&rs=5i" style="display:none;"\x3e\x3c/img\x3e');}</script><script>(function(){var f=function(a,c,b){return a.call.apply(a.bind,arguments)},g=function(a,c,b){if(!a)throw Error();if(2<arguments.length){var d=Array.prototype.slice.call(arguments,2);return function(){var b=Array.prototype.slice.call(arguments);Array.prototype.unshift.apply(b,d);return a.apply(c,b)}}return function(){return a.apply(c,arguments)}},k=function(a,c,b){k=Function.prototype.bind&&-1!=Function.prototype.bind.toString().indexOf("native code")?f:g;return k.apply(null,arguments)};var l=document,m=window;var n=function(a){return{visible:1,hidden:2,prerender:3,preview:4}[a.webkitVisibilityState||a.mozVisibilityState||a.visibilityState||""]||0},p=function(a){var c;a.mozVisibilityState?c="mozvisibilitychange":a.webkitVisibilityState?c="webkitvisibilitychange":a.visibilityState&&(c="visibilitychange");return c};var r=function(){this.g=l;this.j=m;this.i=!1;this.h=[];this.m={};if(3==n(this.g)){var a=k(this.o,this);this.n=a;var c=this.g,b=p(this.g);c.addEventListener?c.addEventListener(b,a,!1):c.attachEvent&&c.attachEvent("on"+b,a)}else q(this)};r.p=function(){return r.l?r.l:r.l=new r};var s=/^([^:]+:\/\/[^/]+)/m,t=/^\d*,(.+)$/m,q=function(a){if(!a.i){a.i=!0;for(var c=0;c<a.h.length;++c)a.k.apply(a,a.h[c]);a.h=[]}};r.prototype.q=function(a,c){var b=c.target.t();(b=t.exec(b))&&(this.m[a]=b[1])};r.prototype.k=function(a,c){var b;if(b=this.s)i:{try{var d=s.exec(this.j.location.href),e=s.exec(a);if(d&&e&&d[1]==e[1]&&c){var h=k(this.q,this,c);this.s(a,h);b=!0;break i}}catch(y){}b=!1}b||(b=this.j,b.google_image_requests||(b.google_image_requests=[]),d=b.document.createElement("img"),d.src=a,b.google_image_requests.push(d))};r.prototype.o=function(){if(3!=n(this.g)){q(this);var a=this.g,c=p(this.g),b=this.n;a.removeEventListener?a.removeEventListener(c,b,!1):a.detachEvent&&a.detachEvent("on"+c,b)}};var u=function(a,c){var b=/(google|doubleclick).*\/pagead\/adview/.test(a),d=r.p(),e=a;if(b){b="&vis="+n(d.g);c&&(b+="&ve=1");var h=e.indexOf("&adurl"),e=-1==h?e+b:e.substring(0,h)+b+e.substring(h)}d.i?d.k(e,c):d.h.push([e,c])},v=["pdib"],w=this;v[0]in w||!w.execScript||w.execScript("var "+v[0]);for(var x;v.length&&(x=v.shift());)v.length||void 0===u?w=w[x]?w[x]:w[x]={}:w[x]=u;})();pdib("https://googleads4.g.doubleclick.net/pcs/view?xai\x3dAKAOjsvhHW_gDSQ2KqFyvvQ3j03KVhimZId4H2SY5zbNvruYIQJB6FjwFspn4lEYyad6nhecTWChUtWKOdTU_kg5x659KilWunQuLenHZWkAAK6nexdEjR5SSwG8\x26sig\x3dCg0ArKJSzH-PTzn11jgNEAE\x26urlfix\x3d1\x26adurl\x3d");</script></body></html>